// Jest Snapshot v1, https://goo.gl/fbAQLP

exports[`Test.render Renders the passed text 1`] = `
<span>
  Hello
</span>
`;
